// Jest Snapshot v1, https://goo.gl/fbAQLP

exports[`Add Product Page should compile 1`] = `undefined`;
